// Jest Snapshot v1, https://goo.gl/fbAQLP

exports[`PoseWrapper should render correctly with no props 1`] = `
<Fragment>
  <Styled(PoseSelector)
    getChosenPose={[Function]}
  />
  <Styled(Checklist)
    activePose={null}
    result={null}
  />
  <Styled(PoseDotter)
    pose={null}
    result={null}
  />
</Fragment>
`;
